#-----------------------------------------------------------
# Vivado v2022.1 (64-bit)
# SW Build 3526262 on Mon Apr 18 15:47:01 MDT 2022
# IP Build 3524634 on Mon Apr 18 20:55:01 MDT 2022
# Start of session at: Sat Nov 16 00:44:50 2024
# Process ID: 1436712
# Current directory: /home/parallels/A7T100_Vivado/A7T100_Vivado.runs/Ece253_BlockDesign_microblaze_0_0_synth_1
# Command line: vivado -log Ece253_BlockDesign_microblaze_0_0.vds -product Vivado -mode batch -messageDb vivado.pb -notrace -source Ece253_BlockDesign_microblaze_0_0.tcl
# Log file: /home/parallels/A7T100_Vivado/A7T100_Vivado.runs/Ece253_BlockDesign_microblaze_0_0_synth_1/Ece253_BlockDesign_microblaze_0_0.vds
# Journal file: /home/parallels/A7T100_Vivado/A7T100_Vivado.runs/Ece253_BlockDesign_microblaze_0_0_synth_1/vivado.jou
# Running On: vivado-aarch64, OS: Linux, CPU Frequency: , CPU Physical cores: 1, Host memory: 12511 MB
#-----------------------------------------------------------
source Ece253_BlockDesign_microblaze_0_0.tcl -notrace
